// Jest Snapshot v1, https://goo.gl/fbAQLP

exports[`ConjugationCard displays conjugations 1`] = `
<View
  collapsable={false}
  pointerEvents="box-none"
  style={
    Object {
      "flex": 1,
    }
  }
>
  <View
    collapsable={false}
    nativeID="animatedComponent"
    style={
      Object {
        "backgroundColor": "#ffffff",
        "borderColor": "rgba(0, 0, 0, 0.12)",
        "borderRadius": 10,
        "elevation": 5,
        "shadowColor": "#000000",
        "shadowOffset": Object {
          "height": 4,
          "width": 0,
        },
        "shadowOpacity": 0.24,
        "shadowRadius": 5,
      }
    }
  >
    <View
      accessibilityState={
        Object {
          "disabled": true,
        }
      }
      accessible={true}
      focusable={false}
      onClick={[Function]}
      onResponderGrant={[Function]}
      onResponderMove={[Function]}
      onResponderRelease={[Function]}
      onResponderTerminate={[Function]}
      onResponderTerminationRequest={[Function]}
      onStartShouldSetResponder={[Function]}
      style={
        Object {
          "flexGrow": 1,
          "flexShrink": 1,
        }
      }
    >
      <View
        style={
          Array [
            Object {
              "paddingHorizontal": 16,
            },
            undefined,
            Object {
              "paddingBottom": 8,
              "paddingHorizontal": 0,
            },
          ]
        }
      >
        <View
          style={
            Object {
              "flex": 1,
              "flexDirection": "column",
              "paddingHorizontal": 16,
            }
          }
        >
          <View
            accessible={true}
            collapsable={false}
            focusable={true}
            nativeID="animatedComponent"
            onClick={[Function]}
            onResponderGrant={[Function]}
            onResponderMove={[Function]}
            onResponderRelease={[Function]}
            onResponderTerminate={[Function]}
            onResponderTerminationRequest={[Function]}
            onStartShouldSetResponder={[Function]}
            style={
              Object {
                "flex": 1,
                "flexDirection": "row",
                "marginBottom": 8,
                "opacity": 1,
              }
            }
          >
            <View
              onPress={[Function]}
              style={
                Object {
                  "flex": 1,
                  "flexDirection": "row",
                  "marginBottom": 8,
                }
              }
            >
              <View
                size={5}
                style={
                  Object {
                    "flex": 5,
                    "flexDirection": "column",
                  }
                }
              >
                <Text
                  style={
                    Array [
                      Object {
                        "color": "#000000",
                        "fontFamily": "System",
                        "fontWeight": "400",
                      },
                      Object {
                        "textAlign": "left",
                      },
                      Object {
                        "fontSize": 20,
                      },
                    ]
                  }
                >
                  informal low
                </Text>
              </View>
              <View
                style={
                  Object {
                    "flex": 1,
                    "flexDirection": "column",
                  }
                }
              >
                <Text
                  style={
                    Array [
                      Object {
                        "color": "#000000",
                        "fontFamily": "System",
                        "fontWeight": "400",
                      },
                      Object {
                        "textAlign": "left",
                      },
                      Object {
                        "fontSize": 20,
                        "textAlign": "center",
                      },
                    ]
                  }
                >
                  :
                </Text>
              </View>
              <View
                size={5}
                style={
                  Object {
                    "flex": 5,
                    "flexDirection": "column",
                  }
                }
              >
                <Text
                  style={
                    Array [
                      Object {
                        "color": "#000000",
                        "fontFamily": "System",
                        "fontWeight": "400",
                      },
                      Object {
                        "textAlign": "left",
                      },
                      Object {
                        "fontSize": 20,
                      },
                    ]
                  }
                >
                  conj 1
                </Text>
              </View>
            </View>
          </View>
          <View
            accessible={true}
            collapsable={false}
            focusable={true}
            nativeID="animatedComponent"
            onClick={[Function]}
            onResponderGrant={[Function]}
            onResponderMove={[Function]}
            onResponderRelease={[Function]}
            onResponderTerminate={[Function]}
            onResponderTerminationRequest={[Function]}
            onStartShouldSetResponder={[Function]}
            style={
              Object {
                "flex": 1,
                "flexDirection": "row",
                "marginBottom": 8,
                "opacity": 1,
              }
            }
          >
            <View
              onPress={[Function]}
              style={
                Object {
                  "flex": 1,
                  "flexDirection": "row",
                  "marginBottom": 8,
                }
              }
            >
              <View
                size={5}
                style={
                  Object {
                    "flex": 5,
                    "flexDirection": "column",
                  }
                }
              >
                <Text
                  style={
                    Array [
                      Object {
                        "color": "#000000",
                        "fontFamily": "System",
                        "fontWeight": "400",
                      },
                      Object {
                        "textAlign": "left",
                      },
                      Object {
                        "fontSize": 20,
                      },
                    ]
                  }
                >
                  informal high
                </Text>
              </View>
              <View
                style={
                  Object {
                    "flex": 1,
                    "flexDirection": "column",
                  }
                }
              >
                <Text
                  style={
                    Array [
                      Object {
                        "color": "#000000",
                        "fontFamily": "System",
                        "fontWeight": "400",
                      },
                      Object {
                        "textAlign": "left",
                      },
                      Object {
                        "fontSize": 20,
                        "textAlign": "center",
                      },
                    ]
                  }
                >
                  :
                </Text>
              </View>
              <View
                size={5}
                style={
                  Object {
                    "flex": 5,
                    "flexDirection": "column",
                  }
                }
              >
                <Text
                  style={
                    Array [
                      Object {
                        "color": "#000000",
                        "fontFamily": "System",
                        "fontWeight": "400",
                      },
                      Object {
                        "textAlign": "left",
                      },
                      Object {
                        "fontSize": 20,
                      },
                    ]
                  }
                >
                  conj 2
                </Text>
              </View>
            </View>
          </View>
          <View
            accessible={true}
            collapsable={false}
            focusable={true}
            nativeID="animatedComponent"
            onClick={[Function]}
            onResponderGrant={[Function]}
            onResponderMove={[Function]}
            onResponderRelease={[Function]}
            onResponderTerminate={[Function]}
            onResponderTerminationRequest={[Function]}
            onStartShouldSetResponder={[Function]}
            style={
              Object {
                "flex": 1,
                "flexDirection": "row",
                "marginBottom": 8,
                "opacity": 1,
              }
            }
          >
            <View
              onPress={[Function]}
              style={
                Object {
                  "flex": 1,
                  "flexDirection": "row",
                  "marginBottom": 8,
                }
              }
            >
              <View
                size={5}
                style={
                  Object {
                    "flex": 5,
                    "flexDirection": "column",
                  }
                }
              >
                <Text
                  style={
                    Array [
                      Object {
                        "color": "#000000",
                        "fontFamily": "System",
                        "fontWeight": "400",
                      },
                      Object {
                        "textAlign": "left",
                      },
                      Object {
                        "fontSize": 20,
                      },
                    ]
                  }
                >
                  formal low
                </Text>
              </View>
              <View
                style={
                  Object {
                    "flex": 1,
                    "flexDirection": "column",
                  }
                }
              >
                <Text
                  style={
                    Array [
                      Object {
                        "color": "#000000",
                        "fontFamily": "System",
                        "fontWeight": "400",
                      },
                      Object {
                        "textAlign": "left",
                      },
                      Object {
                        "fontSize": 20,
                        "textAlign": "center",
                      },
                    ]
                  }
                >
                  :
                </Text>
              </View>
              <View
                size={5}
                style={
                  Object {
                    "flex": 5,
                    "flexDirection": "column",
                  }
                }
              >
                <Text
                  style={
                    Array [
                      Object {
                        "color": "#000000",
                        "fontFamily": "System",
                        "fontWeight": "400",
                      },
                      Object {
                        "textAlign": "left",
                      },
                      Object {
                        "fontSize": 20,
                      },
                    ]
                  }
                >
                  conj 3
                </Text>
              </View>
            </View>
          </View>
        </View>
      </View>
    </View>
  </View>
</View>
`;
