// Jest Snapshot v1, https://goo.gl/fbAQLP

exports[`ConjugationPageContent component groups conjugations based on type 1`] = `
<View
  collapsable={false}
  pointerEvents="box-none"
  style={
    {
      "flex": 1,
    }
  }
>
  <RCTScrollView
    bounces={false}
    collapsable={false}
    data={
      [
        "declarative present",
        "declarative future",
      ]
    }
    getItem={[Function]}
    getItemCount={[Function]}
    initialNumToRender={4}
    keyExtractor={[Function]}
    onContentSizeChange={[Function]}
    onLayout={[Function]}
    onMomentumScrollBegin={[Function]}
    onMomentumScrollEnd={[Function]}
    onScroll={[Function]}
    onScrollBeginDrag={[Function]}
    onScrollEndDrag={[Function]}
    removeClippedSubviews={false}
    renderItem={[Function]}
    scrollEventThrottle={0.0001}
    showsVerticalScrollIndicator={false}
    stickyHeaderIndices={[]}
    style={{}}
    viewabilityConfigCallbackPairs={[]}
    windowSize={5}
  >
    <View>
      <View
        onLayout={[Function]}
        style={null}
      >
        <View
          collapsable={false}
          onLayout={[Function]}
          style={
            {
              "backgroundColor": "#ffffff",
              "borderColor": "rgba(0, 0, 0, 0.12)",
              "borderRadius": 10,
              "elevation": 5,
              "marginHorizontal": 16,
              "marginVertical": 8,
              "shadowColor": "#000000",
              "shadowOffset": {
                "height": 4,
                "width": 0,
              },
              "shadowOpacity": 0.24,
              "shadowRadius": 5,
            }
          }
        >
          <View
            accessibilityState={
              {
                "disabled": true,
              }
            }
            accessible={true}
            focusable={false}
            onClick={[Function]}
            onResponderGrant={[Function]}
            onResponderMove={[Function]}
            onResponderRelease={[Function]}
            onResponderTerminate={[Function]}
            onResponderTerminationRequest={[Function]}
            onStartShouldSetResponder={[Function]}
            style={
              {
                "flexGrow": 1,
                "flexShrink": 1,
              }
            }
          >
            <View
              style={
                [
                  {
                    "alignItems": "center",
                    "flexDirection": "row",
                    "justifyContent": "space-between",
                    "paddingLeft": 16,
                  },
                  {
                    "minHeight": 50,
                  },
                  {},
                ]
              }
            >
              <View
                style={
                  [
                    {
                      "flex": 1,
                      "flexDirection": "column",
                      "justifyContent": "center",
                    },
                  ]
                }
              >
                <Text
                  numberOfLines={1}
                  style={
                    [
                      {
                        "color": "#000000",
                        "fontFamily": "System",
                        "fontWeight": "400",
                      },
                      {
                        "textAlign": "left",
                      },
                      [
                        {
                          "textAlign": "left",
                        },
                        {
                          "color": "rgba(0, 0, 0, 0.87)",
                          "fontFamily": "System",
                          "fontWeight": "500",
                          "writingDirection": "ltr",
                        },
                        [
                          {
                            "fontSize": 20,
                            "letterSpacing": 0.15,
                            "lineHeight": 30,
                            "marginVertical": 2,
                          },
                          [
                            {
                              "minHeight": 30,
                              "paddingRight": 16,
                            },
                            {
                              "marginBottom": 2,
                            },
                            {
                              "color": "#3F51B5",
                              "fontSize": 16,
                              "fontWeight": "400",
                            },
                          ],
                        ],
                      ],
                    ]
                  }
                >
                  Declarative Present
                </Text>
              </View>
              <View />
            </View>
            <View
              style={
                [
                  {
                    "paddingHorizontal": 16,
                  },
                  undefined,
                  {
                    "paddingBottom": 8,
                    "paddingHorizontal": 0,
                  },
                ]
              }
            >
              <View
                style={
                  {
                    "flex": 1,
                    "flexDirection": "column",
                    "paddingHorizontal": 16,
                  }
                }
              >
                <View
                  accessible={true}
                  collapsable={false}
                  focusable={true}
                  onClick={[Function]}
                  onResponderGrant={[Function]}
                  onResponderMove={[Function]}
                  onResponderRelease={[Function]}
                  onResponderTerminate={[Function]}
                  onResponderTerminationRequest={[Function]}
                  onStartShouldSetResponder={[Function]}
                  style={
                    {
                      "flex": 1,
                      "flexDirection": "row",
                      "marginBottom": 8,
                      "opacity": 1,
                    }
                  }
                >
                  <View
                    onPress={[Function]}
                    style={
                      {
                        "flex": 1,
                        "flexDirection": "row",
                        "marginBottom": 8,
                      }
                    }
                  >
                    <View
                      size={5}
                      style={
                        {
                          "flex": 5,
                          "flexDirection": "column",
                        }
                      }
                    >
                      <Text
                        style={
                          [
                            {
                              "color": "#000000",
                              "fontFamily": "System",
                              "fontWeight": "400",
                            },
                            {
                              "textAlign": "left",
                            },
                            {
                              "fontSize": 20,
                            },
                          ]
                        }
                      >
                        informal low
                      </Text>
                    </View>
                    <View
                      style={
                        {
                          "flex": 1,
                          "flexDirection": "column",
                        }
                      }
                    >
                      <Text
                        style={
                          [
                            {
                              "color": "#000000",
                              "fontFamily": "System",
                              "fontWeight": "400",
                            },
                            {
                              "textAlign": "left",
                            },
                            {
                              "fontSize": 20,
                              "textAlign": "center",
                            },
                          ]
                        }
                      >
                        :
                      </Text>
                    </View>
                    <View
                      size={5}
                      style={
                        {
                          "flex": 5,
                          "flexDirection": "column",
                        }
                      }
                    >
                      <Text
                        style={
                          [
                            {
                              "color": "#000000",
                              "fontFamily": "System",
                              "fontWeight": "400",
                            },
                            {
                              "textAlign": "left",
                            },
                            {
                              "fontSize": 20,
                            },
                          ]
                        }
                      >
                        conj 1
                      </Text>
                    </View>
                  </View>
                </View>
                <View
                  accessible={true}
                  collapsable={false}
                  focusable={true}
                  onClick={[Function]}
                  onResponderGrant={[Function]}
                  onResponderMove={[Function]}
                  onResponderRelease={[Function]}
                  onResponderTerminate={[Function]}
                  onResponderTerminationRequest={[Function]}
                  onStartShouldSetResponder={[Function]}
                  style={
                    {
                      "flex": 1,
                      "flexDirection": "row",
                      "marginBottom": 8,
                      "opacity": 1,
                    }
                  }
                >
                  <View
                    onPress={[Function]}
                    style={
                      {
                        "flex": 1,
                        "flexDirection": "row",
                        "marginBottom": 8,
                      }
                    }
                  >
                    <View
                      size={5}
                      style={
                        {
                          "flex": 5,
                          "flexDirection": "column",
                        }
                      }
                    >
                      <Text
                        style={
                          [
                            {
                              "color": "#000000",
                              "fontFamily": "System",
                              "fontWeight": "400",
                            },
                            {
                              "textAlign": "left",
                            },
                            {
                              "fontSize": 20,
                            },
                          ]
                        }
                      >
                        informal high
                      </Text>
                    </View>
                    <View
                      style={
                        {
                          "flex": 1,
                          "flexDirection": "column",
                        }
                      }
                    >
                      <Text
                        style={
                          [
                            {
                              "color": "#000000",
                              "fontFamily": "System",
                              "fontWeight": "400",
                            },
                            {
                              "textAlign": "left",
                            },
                            {
                              "fontSize": 20,
                              "textAlign": "center",
                            },
                          ]
                        }
                      >
                        :
                      </Text>
                    </View>
                    <View
                      size={5}
                      style={
                        {
                          "flex": 5,
                          "flexDirection": "column",
                        }
                      }
                    >
                      <Text
                        style={
                          [
                            {
                              "color": "#000000",
                              "fontFamily": "System",
                              "fontWeight": "400",
                            },
                            {
                              "textAlign": "left",
                            },
                            {
                              "fontSize": 20,
                            },
                          ]
                        }
                      >
                        conj 2
                      </Text>
                    </View>
                  </View>
                </View>
                <View
                  accessible={true}
                  collapsable={false}
                  focusable={true}
                  onClick={[Function]}
                  onResponderGrant={[Function]}
                  onResponderMove={[Function]}
                  onResponderRelease={[Function]}
                  onResponderTerminate={[Function]}
                  onResponderTerminationRequest={[Function]}
                  onStartShouldSetResponder={[Function]}
                  style={
                    {
                      "flex": 1,
                      "flexDirection": "row",
                      "marginBottom": 8,
                      "opacity": 1,
                    }
                  }
                >
                  <View
                    onPress={[Function]}
                    style={
                      {
                        "flex": 1,
                        "flexDirection": "row",
                        "marginBottom": 8,
                      }
                    }
                  >
                    <View
                      size={5}
                      style={
                        {
                          "flex": 5,
                          "flexDirection": "column",
                        }
                      }
                    >
                      <Text
                        style={
                          [
                            {
                              "color": "#000000",
                              "fontFamily": "System",
                              "fontWeight": "400",
                            },
                            {
                              "textAlign": "left",
                            },
                            {
                              "fontSize": 20,
                            },
                          ]
                        }
                      >
                        formal low
                      </Text>
                    </View>
                    <View
                      style={
                        {
                          "flex": 1,
                          "flexDirection": "column",
                        }
                      }
                    >
                      <Text
                        style={
                          [
                            {
                              "color": "#000000",
                              "fontFamily": "System",
                              "fontWeight": "400",
                            },
                            {
                              "textAlign": "left",
                            },
                            {
                              "fontSize": 20,
                              "textAlign": "center",
                            },
                          ]
                        }
                      >
                        :
                      </Text>
                    </View>
                    <View
                      size={5}
                      style={
                        {
                          "flex": 5,
                          "flexDirection": "column",
                        }
                      }
                    >
                      <Text
                        style={
                          [
                            {
                              "color": "#000000",
                              "fontFamily": "System",
                              "fontWeight": "400",
                            },
                            {
                              "textAlign": "left",
                            },
                            {
                              "fontSize": 20,
                            },
                          ]
                        }
                      >
                        conj 3
                      </Text>
                    </View>
                  </View>
                </View>
              </View>
            </View>
          </View>
        </View>
      </View>
      <View
        onLayout={[Function]}
        style={null}
      >
        <View
          collapsable={false}
          onLayout={[Function]}
          style={
            {
              "backgroundColor": "#ffffff",
              "borderColor": "rgba(0, 0, 0, 0.12)",
              "borderRadius": 10,
              "elevation": 5,
              "marginHorizontal": 16,
              "marginVertical": 8,
              "shadowColor": "#000000",
              "shadowOffset": {
                "height": 4,
                "width": 0,
              },
              "shadowOpacity": 0.24,
              "shadowRadius": 5,
            }
          }
        >
          <View
            accessibilityState={
              {
                "disabled": true,
              }
            }
            accessible={true}
            focusable={false}
            onClick={[Function]}
            onResponderGrant={[Function]}
            onResponderMove={[Function]}
            onResponderRelease={[Function]}
            onResponderTerminate={[Function]}
            onResponderTerminationRequest={[Function]}
            onStartShouldSetResponder={[Function]}
            style={
              {
                "flexGrow": 1,
                "flexShrink": 1,
              }
            }
          >
            <View
              style={
                [
                  {
                    "alignItems": "center",
                    "flexDirection": "row",
                    "justifyContent": "space-between",
                    "paddingLeft": 16,
                  },
                  {
                    "minHeight": 50,
                  },
                  {},
                ]
              }
            >
              <View
                style={
                  [
                    {
                      "flex": 1,
                      "flexDirection": "column",
                      "justifyContent": "center",
                    },
                  ]
                }
              >
                <Text
                  numberOfLines={1}
                  style={
                    [
                      {
                        "color": "#000000",
                        "fontFamily": "System",
                        "fontWeight": "400",
                      },
                      {
                        "textAlign": "left",
                      },
                      [
                        {
                          "textAlign": "left",
                        },
                        {
                          "color": "rgba(0, 0, 0, 0.87)",
                          "fontFamily": "System",
                          "fontWeight": "500",
                          "writingDirection": "ltr",
                        },
                        [
                          {
                            "fontSize": 20,
                            "letterSpacing": 0.15,
                            "lineHeight": 30,
                            "marginVertical": 2,
                          },
                          [
                            {
                              "minHeight": 30,
                              "paddingRight": 16,
                            },
                            {
                              "marginBottom": 2,
                            },
                            {
                              "color": "#3F51B5",
                              "fontSize": 16,
                              "fontWeight": "400",
                            },
                          ],
                        ],
                      ],
                    ]
                  }
                >
                  Declarative Future
                </Text>
              </View>
              <View />
            </View>
            <View
              style={
                [
                  {
                    "paddingHorizontal": 16,
                  },
                  undefined,
                  {
                    "paddingBottom": 8,
                    "paddingHorizontal": 0,
                  },
                ]
              }
            >
              <View
                style={
                  {
                    "flex": 1,
                    "flexDirection": "column",
                    "paddingHorizontal": 16,
                  }
                }
              >
                <View
                  accessible={true}
                  collapsable={false}
                  focusable={true}
                  onClick={[Function]}
                  onResponderGrant={[Function]}
                  onResponderMove={[Function]}
                  onResponderRelease={[Function]}
                  onResponderTerminate={[Function]}
                  onResponderTerminationRequest={[Function]}
                  onStartShouldSetResponder={[Function]}
                  style={
                    {
                      "flex": 1,
                      "flexDirection": "row",
                      "marginBottom": 8,
                      "opacity": 1,
                    }
                  }
                >
                  <View
                    onPress={[Function]}
                    style={
                      {
                        "flex": 1,
                        "flexDirection": "row",
                        "marginBottom": 8,
                      }
                    }
                  >
                    <View
                      size={5}
                      style={
                        {
                          "flex": 5,
                          "flexDirection": "column",
                        }
                      }
                    >
                      <Text
                        style={
                          [
                            {
                              "color": "#000000",
                              "fontFamily": "System",
                              "fontWeight": "400",
                            },
                            {
                              "textAlign": "left",
                            },
                            {
                              "fontSize": 20,
                            },
                          ]
                        }
                      >
                        informal low
                      </Text>
                    </View>
                    <View
                      style={
                        {
                          "flex": 1,
                          "flexDirection": "column",
                        }
                      }
                    >
                      <Text
                        style={
                          [
                            {
                              "color": "#000000",
                              "fontFamily": "System",
                              "fontWeight": "400",
                            },
                            {
                              "textAlign": "left",
                            },
                            {
                              "fontSize": 20,
                              "textAlign": "center",
                            },
                          ]
                        }
                      >
                        :
                      </Text>
                    </View>
                    <View
                      size={5}
                      style={
                        {
                          "flex": 5,
                          "flexDirection": "column",
                        }
                      }
                    >
                      <Text
                        style={
                          [
                            {
                              "color": "#000000",
                              "fontFamily": "System",
                              "fontWeight": "400",
                            },
                            {
                              "textAlign": "left",
                            },
                            {
                              "fontSize": 20,
                            },
                          ]
                        }
                      >
                        conj 3
                      </Text>
                    </View>
                  </View>
                </View>
                <View
                  accessible={true}
                  collapsable={false}
                  focusable={true}
                  onClick={[Function]}
                  onResponderGrant={[Function]}
                  onResponderMove={[Function]}
                  onResponderRelease={[Function]}
                  onResponderTerminate={[Function]}
                  onResponderTerminationRequest={[Function]}
                  onStartShouldSetResponder={[Function]}
                  style={
                    {
                      "flex": 1,
                      "flexDirection": "row",
                      "marginBottom": 8,
                      "opacity": 1,
                    }
                  }
                >
                  <View
                    onPress={[Function]}
                    style={
                      {
                        "flex": 1,
                        "flexDirection": "row",
                        "marginBottom": 8,
                      }
                    }
                  >
                    <View
                      size={5}
                      style={
                        {
                          "flex": 5,
                          "flexDirection": "column",
                        }
                      }
                    >
                      <Text
                        style={
                          [
                            {
                              "color": "#000000",
                              "fontFamily": "System",
                              "fontWeight": "400",
                            },
                            {
                              "textAlign": "left",
                            },
                            {
                              "fontSize": 20,
                            },
                          ]
                        }
                      >
                        informal high
                      </Text>
                    </View>
                    <View
                      style={
                        {
                          "flex": 1,
                          "flexDirection": "column",
                        }
                      }
                    >
                      <Text
                        style={
                          [
                            {
                              "color": "#000000",
                              "fontFamily": "System",
                              "fontWeight": "400",
                            },
                            {
                              "textAlign": "left",
                            },
                            {
                              "fontSize": 20,
                              "textAlign": "center",
                            },
                          ]
                        }
                      >
                        :
                      </Text>
                    </View>
                    <View
                      size={5}
                      style={
                        {
                          "flex": 5,
                          "flexDirection": "column",
                        }
                      }
                    >
                      <Text
                        style={
                          [
                            {
                              "color": "#000000",
                              "fontFamily": "System",
                              "fontWeight": "400",
                            },
                            {
                              "textAlign": "left",
                            },
                            {
                              "fontSize": 20,
                            },
                          ]
                        }
                      >
                        conj 4
                      </Text>
                    </View>
                  </View>
                </View>
                <View
                  accessible={true}
                  collapsable={false}
                  focusable={true}
                  onClick={[Function]}
                  onResponderGrant={[Function]}
                  onResponderMove={[Function]}
                  onResponderRelease={[Function]}
                  onResponderTerminate={[Function]}
                  onResponderTerminationRequest={[Function]}
                  onStartShouldSetResponder={[Function]}
                  style={
                    {
                      "flex": 1,
                      "flexDirection": "row",
                      "marginBottom": 8,
                      "opacity": 1,
                    }
                  }
                >
                  <View
                    onPress={[Function]}
                    style={
                      {
                        "flex": 1,
                        "flexDirection": "row",
                        "marginBottom": 8,
                      }
                    }
                  >
                    <View
                      size={5}
                      style={
                        {
                          "flex": 5,
                          "flexDirection": "column",
                        }
                      }
                    >
                      <Text
                        style={
                          [
                            {
                              "color": "#000000",
                              "fontFamily": "System",
                              "fontWeight": "400",
                            },
                            {
                              "textAlign": "left",
                            },
                            {
                              "fontSize": 20,
                            },
                          ]
                        }
                      >
                        formal low
                      </Text>
                    </View>
                    <View
                      style={
                        {
                          "flex": 1,
                          "flexDirection": "column",
                        }
                      }
                    >
                      <Text
                        style={
                          [
                            {
                              "color": "#000000",
                              "fontFamily": "System",
                              "fontWeight": "400",
                            },
                            {
                              "textAlign": "left",
                            },
                            {
                              "fontSize": 20,
                              "textAlign": "center",
                            },
                          ]
                        }
                      >
                        :
                      </Text>
                    </View>
                    <View
                      size={5}
                      style={
                        {
                          "flex": 5,
                          "flexDirection": "column",
                        }
                      }
                    >
                      <Text
                        style={
                          [
                            {
                              "color": "#000000",
                              "fontFamily": "System",
                              "fontWeight": "400",
                            },
                            {
                              "textAlign": "left",
                            },
                            {
                              "fontSize": 20,
                            },
                          ]
                        }
                      >
                        conj 5
                      </Text>
                    </View>
                  </View>
                </View>
              </View>
            </View>
          </View>
        </View>
      </View>
    </View>
  </RCTScrollView>
</View>
`;
